
[TestDecrypt/sopsfile-complex.enc-age.json - 1]
{
    "some": {
        "deep": {
            "nested": {
                "object": "structure",
                "arrays": [
                    "with",
                    "several",
                    {
                        "values": {
                            "and": "objects"
                        }
                    }
                ]
            }
        },
        "notsodeep": "struct"
    },
    "and now": {
        "some": [
            {
                "basic": false
            },
            {
                "nested": 12345
            },
            {
                "type": 1.2345
            },
            {
                "tests": "Finish!"
            }
        ]
    }
}
---
