
[TestDecrypt/sopsfile-complex.enc-age.json - 1]
{
    "and now": {
        "some": [
            {
                "basic": false
            },
            {
                "nested": 12345
            },
            {
                "type": 1.2345
            },
            {
                "tests": "Finish!"
            }
        ]
    },
    "some": {
        "deep": {
            "nested": {
                "arrays": [
                    "with",
                    "several",
                    {
                        "values": {
                            "and": "objects"
                        }
                    }
                ],
                "object": "structure"
            }
        },
        "notsodeep": "struct"
    },
    "with": {
        "TestValue": "test <test@test.test>",
        "TestValue2": "&",
        "TestValue3": "@"
    }
}
---
