
[TestDecrypt/testsecret.sops.json - 1]
{
    "apiKey": "sk-1234567890abcdef",
    "database": {
        "host": "db.example.com",
        "password": "P@ssw0rd!",
        "user": "admin"
    },
    "someOtherKey": "base64:aGFsbG8gd2VsdAo=",
    "specific": {
        "HTLMEncodingTest3": "@",
        "HTMLEncodingTest1": "test <test@test.test>",
        "HTMLEncodingTest2": "&",
        "SpecialCharacters": "\"ajkscbuiuXA34%%&&=",
        "boolean": true,
        "null": null,
        "number1": 123,
        "number2": 123.456
    },
    "tokens": [
        {
            "service": "service1",
            "token": "token1"
        },
        {
            "service": "service2",
            "token": "token2"
        }
    ]
}
---
