
[TestDecrypt/testsecret.sops.env - 1]
apiKey=sk-1234567890abcdef
database:host=db.example.com
database:password=P@ssw0rd!
database:user=admin
someOtherKey=base64:aGFsbG8gd2VsdAo=
specific:boolean=True
specific:SpecialCharacters="ajkscbuiuXA34%%&&=
specific:HTLMEncodingTest3=@
specific:HTMLEncodingTest1=test <test@test.test>
specific:HTMLEncodingTest2=&
specific:null=
specific:number1=123
specific:number2=123.456
tokens:0:service=service1
tokens:0:token=token1
tokens:1:service=service2
tokens:1:token=token2

---
