
[TestHandleRequestWithClients/02-secret-binary-binary-true-true.json - 1]
client.SopsS3File{Bucket:"cdk-hnb659fds-assets-505755377845-eu-central-1", Key:"test-secrets/binary/sopsfile.enc-age.binary"}
---

[TestHandleRequestWithClients/02-secret-binary-binary-true-true.json - 2]
client.SopsS3File{Bucket:"cdk-hnb659fds-assets-505755377845-eu-central-1", Key:"test-secrets/binary/sopsfile.enc-age.binary"}
---

[TestHandleRequestWithClients/02-secret-binary-binary-true-true.json - 3]
map[string]interface {}{
    "secretArn":     "02-secret-binary-binary-true-true",
    "secretContent": "-----BEGIN RSA PRIVATE KEY-----\nMIICXQIBAAKBgQDVd/OAdqlMznWINBDoyR+PESgQJlUptwnh/vzbgAaIuHl4gN7Q\nW2Jx06bKFgv8yAQ4ouR0EaPv43X1pWFUyE/vK4e2A4M28Ciriy5r2TiBx57EL7bA\nAiiCaEvpKx3uAtTgFYcdLdD5xYKUf51gymZ6wU8BBgYMkVlL5rpGmR7ddQIDAQAB\nAoGAaeEXG+6/RmNZFHeOs4eeaZ2+21PIBerNshSBYnX7x7CIP2bcHUhWadLq9W0+\nAOFMhrL00UU2pPOTPIYM4rqAOl5PvPeV4GNMvI+9/619p/ZNMbnvj43KqUtaPp1g\nJyT22CH4TqDC2io8S9xWxxh9AgvgOI/ekJ3h4PdYpmyVUXkCQQD6b1dkYhlgiy3u\nZ84L5WM+7vXG2ivA3N3T5eYJdsQFvlV6gNSqbKcxIR+cFK0RaRiWrd7U2IOM67RF\nYRvHNN0rAkEA2jZRXVjHjTZSuAVDMOA4cc6pgxOqByg14clWgRDtbueIMHNCYLJY\nbi5YE0kqzjSaH2WbeT7LX1q3S7amoN4f3wJBALw9ZrYYmrSbyRmTQyhj8raCTZF7\nujmMitzUyJVChVM/3uZm4fN8GivuluDuFaypj4brCDx6xl7taKJhvMx+quMCQF/C\nZoJoa2n05OgMpyfTvfFzl8AF6R+q7bpf+K47F3cL9CAO9JoqqdPwUoZkHXzQaLJO\njKPwgp8d2EJJrWX7FFECQQCRMPE4WsTCLXmVefZne7k000WPclZ4pIjggz1lpGgN\n23bwNOla1k4/B10btnEzNi16/b01Kf3K4hYaicd46sLH\n-----END RSA PRIVATE KEY-----",
    "sopsHash":      "mock-etag",
}
---
