
[TestHandleRequestWithClients/13-parametermulti-dotenv-na-true-na.json - 1]
main.getObjectCalls{
    "test-secrets/dotenv/encrypted-best-secret.env": {Bucket:"cdk-hnb659fds-assets-505755377845-eu-central-1", Key:"test-secrets/dotenv/encrypted-best-secret.env"},
}
main.getObjectEtagCalls{
    "test-secrets/dotenv/encrypted-best-secret.env": {Bucket:"cdk-hnb659fds-assets-505755377845-eu-central-1", Key:"test-secrets/dotenv/encrypted-best-secret.env"},
}
main.putParameterCalls{
    "/13-parametermulti-dotenv-na-true-na/banane": map[string]interface {}{
        "keyId":            "arn:aws:kms:eu-central-1:505755377845:key/58b75958-883a-440c-842c-85af5d33a5bb",
        "parameterContent": "yellow",
    },
    "/13-parametermulti-dotenv-na-true-na/crypt": map[string]interface {}{
        "keyId":            "arn:aws:kms:eu-central-1:505755377845:key/58b75958-883a-440c-842c-85af5d33a5bb",
        "parameterContent": "\"ajkscbuiuXA34%%&&=",
    },
}
main.putSecretValueCalls{
}
---
