
[TestHandleRequestWithClients/22-secret-json-binary-na-na.json - 1]
client.SopsS3File{Bucket:"cdk-hnb659fds-assets-505755377845-eu-central-1", Key:"test-secrets/json/sopsfile-complex.enc-age.json"}
---

[TestHandleRequestWithClients/22-secret-json-binary-na-na.json - 2]
client.SopsS3File{Bucket:"cdk-hnb659fds-assets-505755377845-eu-central-1", Key:"test-secrets/json/sopsfile-complex.enc-age.json"}
---

[TestHandleRequestWithClients/22-secret-json-binary-na-na.json - 3]
map[string]interface {}{
    "secretArn":     "22-secret-json-binary-true-true",
    "secretContent": "{\n\t\"some\": {\n\t\t\"deep\": {\n\t\t\t\"nested\": {\n\t\t\t\t\"object\": \"structure\",\n\t\t\t\t\"arrays\": [\n\t\t\t\t\t\"with\",\n\t\t\t\t\t\"several\",\n\t\t\t\t\t{\n\t\t\t\t\t\t\"values\": {\n\t\t\t\t\t\t\t\"and\": \"objects\"\n\t\t\t\t\t\t}\n\t\t\t\t\t}\n\t\t\t\t]\n\t\t\t}\n\t\t},\n\t\t\"notsodeep\": \"struct\"\n\t},\n\t\"and now\": {\n\t\t\"some\": [\n\t\t\t{\n\t\t\t\t\"basic\": false\n\t\t\t},\n\t\t\t{\n\t\t\t\t\"nested\": 12345\n\t\t\t},\n\t\t\t{\n\t\t\t\t\"type\": 1.2345\n\t\t\t},\n\t\t\t{\n\t\t\t\t\"tests\": \"Finish!\"\n\t\t\t}\n\t\t]\n\t}\n}",
    "sopsHash":      "mock-etag",
}
---
