
[TestHandleRequestWithClients/23-secret-yaml-json-true-true.json - 1]
client.SopsS3File{Bucket:"cdk-hnb659fds-assets-505755377845-eu-central-1", Key:"test-secrets/yaml/sopsfile-complex.enc-age.yaml"}
---

[TestHandleRequestWithClients/23-secret-yaml-json-true-true.json - 2]
client.SopsS3File{Bucket:"cdk-hnb659fds-assets-505755377845-eu-central-1", Key:"test-secrets/yaml/sopsfile-complex.enc-age.yaml"}
---

[TestHandleRequestWithClients/23-secret-yaml-json-true-true.json - 3]
map[string]interface {}{
    "secretArn":     "23-secret-yaml-json-true-true",
    "secretContent": "{\n  \"and now.some[0].basic\": \"false\",\n  \"and now.some[1].nested\": \"12345\",\n  \"and now.some[2].type\": \"1.2345\",\n  \"and now.some[3].tests\": \"Finish!\",\n  \"some.deep.nested.arrays[0]\": \"with\",\n  \"some.deep.nested.arrays[1]\": \"several\",\n  \"some.deep.nested.arrays[2].values.and\": \"objects\",\n  \"some.deep.nested.object\": \"structure\",\n  \"some.notsodeep\": \"struct\"\n}",
    "sopsHash":      "mock-etag",
}
---
