
[TestHandleRequestWithClients/24-secret-yaml-binary-na-na.json - 1]
client.SopsS3File{Bucket:"cdk-hnb659fds-assets-505755377845-eu-central-1", Key:"test-secrets/yaml/sopsfile-complex.enc-age.yaml"}
---

[TestHandleRequestWithClients/24-secret-yaml-binary-na-na.json - 2]
client.SopsS3File{Bucket:"cdk-hnb659fds-assets-505755377845-eu-central-1", Key:"test-secrets/yaml/sopsfile-complex.enc-age.yaml"}
---

[TestHandleRequestWithClients/24-secret-yaml-binary-na-na.json - 3]
map[string]interface {}{
    "secretArn":     "24-secret-yaml-binary-na-na",
    "secretContent": "some:\n    deep:\n        nested:\n            object: structure\n            arrays:\n                - with\n                - several\n                - values:\n                    and: objects\n    notsodeep: struct\nand now:\n    some:\n        - basic: false\n        - nested: 12345\n        - type: 1.2345\n        - tests: Finish!\n",
    "sopsHash":      "mock-etag",
}
---
