
[TestHandleRequestWithClients/25-secret-dotenv-json-true-true.json - 1]
main.getObjectCalls{
    "test-secrets/dotenv/encrypted-best-secret.env": {Bucket:"cdk-hnb659fds-assets-505755377845-eu-central-1", Key:"test-secrets/dotenv/encrypted-best-secret.env"},
}
main.getObjectEtagCalls{
    "test-secrets/dotenv/encrypted-best-secret.env": {Bucket:"cdk-hnb659fds-assets-505755377845-eu-central-1", Key:"test-secrets/dotenv/encrypted-best-secret.env"},
}
main.putParameterCalls{
}
main.putSecretValueCalls{
    "25-secret-dotenv-json-true-true": map[string]interface {}{
        "secretContent": "{\n  \"banane\": \"yellow\",\n  \"crypt\": \"\\\"ajkscbuiuXA34%%\\u0026\\u0026=\"\n}",
        "sopsHash":      "mock-etag",
    },
}
---
