
[TestHandleRequestWithClients/25-secret-dotenv-json-true-true.json - 1]
client.SopsS3File{Bucket:"cdk-hnb659fds-assets-505755377845-eu-central-1", Key:"test-secrets/dotenv/encrypted-best-secret.env"}
---

[TestHandleRequestWithClients/25-secret-dotenv-json-true-true.json - 2]
client.SopsS3File{Bucket:"cdk-hnb659fds-assets-505755377845-eu-central-1", Key:"test-secrets/dotenv/encrypted-best-secret.env"}
---

[TestHandleRequestWithClients/25-secret-dotenv-json-true-true.json - 3]
map[string]interface {}{
    "secretArn":     "25-secret-dotenv-json-true-true",
    "secretContent": "{\n  \"banane\": \"yellow\",\n  \"crypt\": \"\\\"ajkscbuiuXA34%%\\u0026\\u0026=\"\n}",
    "sopsHash":      "mock-etag",
}
---
