
[TestHandleRequestWithClients/26-secret-dotenv-binary-na-na.json - 1]
main.getObjectCalls{
    "test-secrets/dotenv/encrypted-best-secret.env": {Bucket:"cdk-hnb659fds-assets-505755377845-eu-central-1", Key:"test-secrets/dotenv/encrypted-best-secret.env"},
}
main.getObjectEtagCalls{
    "test-secrets/dotenv/encrypted-best-secret.env": {Bucket:"cdk-hnb659fds-assets-505755377845-eu-central-1", Key:"test-secrets/dotenv/encrypted-best-secret.env"},
}
main.putParameterCalls{
}
main.putSecretValueCalls{
    "26-secret-dotenv-binary-true-true": map[string]interface {}{
        "secretContent": "banane=yellow\ncrypt=\"ajkscbuiuXA34%%&&=\n",
        "sopsHash":      "mock-etag",
    },
}
---
