
[TestHandleRequestWithClients/26-secret-dotenv-binary-na-na.json - 1]
client.SopsS3File{Bucket:"cdk-hnb659fds-assets-505755377845-eu-central-1", Key:"test-secrets/dotenv/encrypted-best-secret.env"}
---

[TestHandleRequestWithClients/26-secret-dotenv-binary-na-na.json - 2]
client.SopsS3File{Bucket:"cdk-hnb659fds-assets-505755377845-eu-central-1", Key:"test-secrets/dotenv/encrypted-best-secret.env"}
---

[TestHandleRequestWithClients/26-secret-dotenv-binary-na-na.json - 3]
map[string]interface {}{
    "secretArn":     "26-secret-dotenv-binary-true-true",
    "secretContent": "banane=yellow\ncrypt=\"ajkscbuiuXA34%%&&=\n",
    "sopsHash":      "mock-etag",
}
---
