
[Test_FromYAML - 1]
map[string]interface {}{
    "key1": "value1",
    "key2": int(12345),
    "key3": bool(false),
}
---

[Test_FromYAML - 2]
map[string]interface {}{
    "some": map[string]interface {}{
        "deep": map[string]interface {}{
            "nested": map[string]interface {}{
                "arrays": []interface {}{
                    "with",
                    "several",
                    map[string]interface {}{
                        "values": map[string]interface {}{
                            "and": "objects",
                        },
                    },
                },
                "object": "structure",
            },
        },
        "notsodeep": "struct",
    },
}
---

[Test_toJSON - 1]
{"key1":"value1","key2":12345,"key3":false}
---

[Test_toJSON - 2]
{"some":{"deep":{"nested":{"arrays":["with","several",{"values":{"and":"objects"}}],"object":"structure"}},"notsodeep":"struct"}}
---
