
[TestSecretsManagerPutSecretValue - 1]
&secretsmanager.PutSecretValueInput{
    SecretId:              &"arn",
    ClientRequestToken:    &"hash",
    RotationToken:         (*string)(nil),
    SecretBinary:          nil,
    SecretString:          &"content",
    VersionStages:         nil,
    noSmithyDocumentSerde: document.NoSerde{},
}
---
