
[TestIntegration_HandleRequestWithClients/21-SECRET_BINARY-json.json - 1]
&"21-SECRET_BINARY-json"
[]uint8(nil)
&"{\n\t\"apiKey\": \"sk-1234567890abcdef\",\n\t\"database\": {\n\t\t\"host\": \"db.example.com\",\n\t\t\"password\": \"P@ssw0rd!\",\n\t\t\"user\": \"admin\"\n\t},\n\t\"someOtherKey\": \"base64:aGFsbG8gd2VsdAo=\",\n\t\"specific\": {\n\t\t\"HTLMEncodingTest3\": \"@\",\n\t\t\"HTMLEncodingTest1\": \"test <test@test.test>\",\n\t\t\"HTMLEncodingTest2\": \"&\",\n\t\t\"SpecialCharacters\": \"\\\"ajkscbuiuXA34%%&&=\",\n\t\t\"boolean\": true,\n\t\t\"null\": null,\n\t\t\"number1\": 123,\n\t\t\"number2\": 123.456\n\t},\n\t\"tokens\": [\n\t\t{\n\t\t\t\"service\": \"service1\",\n\t\t\t\"token\": \"token1\"\n\t\t},\n\t\t{\n\t\t\t\"service\": \"service2\",\n\t\t\t\"token\": \"token2\"\n\t\t}\n\t]\n}"
---
