
[TestIntegration_HandleRequestWithClients/22-SECRET_BINARY-yaml.json - 1]
&"22-SECRET_BINARY-yaml"
[]uint8(nil)
&"apiKey: sk-1234567890abcdef\ndatabase:\n    user: admin\n    password: P@ssw0rd!\n    host: db.example.com\ntokens:\n    - service: service1\n      token: token1\n    - service: service2\n      token: token2\nsomeOtherKey: base64:aGFsbG8gd2VsdAo=\nspecific:\n    SpecialCharacters: '\"ajkscbuiuXA34%%&&='\n    HTMLEncodingTest1: test <test@test.test>\n    HTMLEncodingTest2: '&'\n    HTLMEncodingTest3: '@'\n    \"null\": null\n    boolean: true\n    number1: 123\n    number2: 123.456\n"
---
