
[TestIntegration_HandleRequestWithClients/34-PARAMETER-binary.json - 1]
&"/34-PARAMETER-binary"
&"# SOPS files for testing purpose\n\nThe sops files in this directory were created for testing purpose. As encryption algorithm [age](https://age-encryption.org/) is used, as it allows easy sharing of encryption information.\n\nThe following keys were used:\n\n```yaml\npublic: age1djllw2pzuprrqc0en5m8vc8k5ge3tm0f6g7cj0c0glfzp44vdc4ql8ngvu\nprivate: AGE-SECRET-KEY-1EFUWJ0G2XJTJFWTAM2DGMA4VCK3R05W58FSMHZP3MZQ0ZTAQEAFQC6T7T3\n```\n"
---
