
[TestHandleRequestWithClients/24-SECRET_BINARY-binary.json - 1]
main.getObjectCalls{
    "test-secrets/README.gz.sops.binary": {Bucket:"cdk-hnb659fds-assets-505755377845-eu-central-1", Key:"test-secrets/README.gz.sops.binary"},
}
main.getObjectEtagCalls{
    "test-secrets/README.gz.sops.binary": {Bucket:"cdk-hnb659fds-assets-505755377845-eu-central-1", Key:"test-secrets/README.gz.sops.binary"},
}
main.putParameterCalls{
}
main.putSecretValueCalls{
    "24-SECRET_BINARY-binary": map[string]interface {}{
        "binary":        bool(true),
        "secretContent": "\x1f\x8b\b\b+Ʃg\x00\x03README.md\x00m\x90\xc1n\x82@\x14E\xf7|\xc5K\xbai\x93\xa2(\xa0\x84\x1d\xb1`\xa3!U\xa1\xb5\xb5i\"\x1d\x06\x18\x1d\x98qf\xc0\xe0\xd7\x17j\x93v\xd1\xe5K\xee=\xf7\xe4\xdd@\xf4\xb4\x8a #\x14KȘ\x00\x85\xa5\"U\x0e\xbc\x16\x9cI\xaciq\x81A2.\x7f2\xa4\x02U\x10\t)\x11\x18)&Z8c\x81\x01\t\x9c(\x9c\xfe\x87\x18\x80'\x01WH\xb4\\\x11VABs&\x88*JxOr\xfcq[(ť;\x1cv\x87\xfe\x1b\x1b0\x91\x0f\xef\xa0[\xaa%N\xef!\xe9\xa6Uץ\xec\xdc\xd1\x12ق,\x12\xd1ϰ\xec/\x9dT\x9dB\x99|#\xae\xf2\x19\xebK}\xf2\x88[y\xd5홮\xa6\xed\xf7\xfb6)\xa9\xc6\xebOJ\x90\v\x9d\xc2(=Pz\x1e\xf3Kͅ8!\x03Wv\xe94\xc89\xda96Uid\x93|\x8a\x0e\x062r\x9a]\xb8e5)\xb2Nԩ\xf2\xa6ָ M\xf7\x05\x17\xbc\xb9\xafG\xfel\xe3\xc7\xfa\xd2\x7f\xd3G~\xf0\xbc]\x18\xf3\xf1\xeb\"^\x04\xdb\xd8\v\xc7\x0f\xf3г^fKsc\xd8[\xdb\t\xa2\xf0q\xb72\xc3\xdd\xda\xd8\xc5\xde\xda\xf7\x82\xf5l\x12Oc\xb3WԾ\x00\x9a\x91g\xf1\xa5\x01\x00\x00",
        "sopsHash":      "mock-etag",
    },
}
---
