
[TestHandleRequestWithClients/01-SECRET-json.json - 1]
main.getObjectCalls{
    "test-secrets/testsecret.sops.json": {Bucket:"cdk-hnb659fds-assets-505755377845-eu-central-1", Key:"test-secrets/testsecret.sops.json"},
}
main.getObjectEtagCalls{
    "test-secrets/testsecret.sops.json": {Bucket:"cdk-hnb659fds-assets-505755377845-eu-central-1", Key:"test-secrets/testsecret.sops.json"},
}
main.putParameterCalls{
}
main.putSecretValueCalls{
    "01-SECRET-json": map[string]interface {}{
        "binary":        bool(false),
        "secretContent": "{\n  \"apiKey\": \"sk-1234567890abcdef\",\n  \"database.host\": \"db.example.com\",\n  \"database.password\": \"P@ssw0rd!\",\n  \"database.user\": \"admin\",\n  \"someOtherKey\": \"base64:aGFsbG8gd2VsdAo=\",\n  \"specific.HTLMEncodingTest3\": \"@\",\n  \"specific.HTMLEncodingTest1\": \"test \\u003ctest@test.test\\u003e\",\n  \"specific.HTMLEncodingTest2\": \"\\u0026\",\n  \"specific.SpecialCharacters\": \"\\\"ajkscbuiuXA34%%\\u0026\\u0026=\",\n  \"specific.boolean\": \"true\",\n  \"specific.null\": \"\",\n  \"specific.number1\": \"123\",\n  \"specific.number2\": \"123.456\",\n  \"tokens[0].service\": \"service1\",\n  \"tokens[0].token\": \"token1\",\n  \"tokens[1].service\": \"service2\",\n  \"tokens[1].token\": \"token2\"\n}",
        "sopsHash":      "mock-etag",
    },
}
---
